
> modex-backend@1.0.0 test
> jest --detectOpenHandles

node.exe : ΓùÅ Validation Warning:
At C:\Program Files\nodejs\npm.ps1:29 char:3
+   & $NODE_EXE $NPM_CLI_JS $args
+   ~~~~~~~~~~~~~~~~~~~~~~~~~~~~~
    + CategoryInfo          : NotSpecified:  
   (ΓùÅ Validation Warning::String) [], Rem  
  oteException
    + FullyQualifiedErrorId : NativeCommandE 
   rror
 

  Unknown option "coverageThresholds" with 
value {"global": {"branches": 40, 
"functions": 50, "lines": 50, "statements": 
50}} was found. Did you mean 
"coverageThreshold"?
  This is probably a typing mistake. Fixing 
it will remove this message.

  Configuration Documentation:
  https://jestjs.io/docs/configuration

ΓùÅ Validation Warning:

  Unknown option "coverageThresholds" with 
value {"global": {"branches": 40, 
"functions": 50, "lines": 50, "statements": 
50}} was found. Did you mean 
"coverageThreshold"?
  This is probably a typing mistake. Fixing 
it will remove this message.

  Configuration Documentation:
  https://jestjs.io/docs/configuration

(node:23772) [DEP0040] DeprecationWarning: 
The `punycode` module is deprecated. Please 
use a userland alternative instead.
(Use `node --trace-deprecation ...` to show 
where the warning was created)
2026-03-19T15:58:53.828Z [[34mdebug[39m]: New database connection established
2026-03-19T15:58:53.846Z [[34mdebug[39m]: Executed query {"text":"SELECT id FROM users WHERE email = $1","duration":102,"rows":0}
2026-03-19T15:58:54.188Z [[34mdebug[39m]: Executed query {"text":"INSERT INTO users (email, name, password_hash) VALUES ($1, $2, $3) RETURNING *","duration":17,"rows":1}
2026-03-19T15:58:54.195Z [[34mdebug[39m]: Executed query {"text":"INSERT INTO user_profiles (user_id) VALUES ($1) ON CONFLICT (user_id) DO NOTHING","duration":6,"rows":1}
2026-03-19T15:58:54.204Z [[34mdebug[39m]: POST /api/auth/register 201 478ms {"ip":"::ffff:127.0.0.1","userId":"-"}
2026-03-19T15:58:54.235Z [[34mdebug[39m]: Executed query {"text":"SELECT id FROM users WHERE email = $1","duration":2,"rows":1}
2026-03-19T15:58:54.238Z [[33mwarn[39m]: POST /api/auth/register 409 7ms {"ip":"::ffff:127.0.0.1","userId":"-"}
2026-03-19T15:58:54.256Z [[33mwarn[39m]: POST /api/auth/register 400 3ms {"ip":"::ffff:127.0.0.1","userId":"-"}
2026-03-19T15:58:54.281Z [[34mdebug[39m]: Executed query {"text":"SELECT * FROM users WHERE email = $1","duration":3,"rows":1}
2026-03-19T15:58:54.597Z [[34mdebug[39m]: Executed query {"text":"UPDATE users SET last_login_at = now() WHERE id = $1","duration":3,"rows":1}
2026-03-19T15:58:54.602Z [[34mdebug[39m]: POST /api/auth/login 200 325ms {"ip":"::ffff:127.0.0.1","userId":"-"}
2026-03-19T15:58:54.624Z [[34mdebug[39m]: Executed query {"text":"SELECT * FROM users WHERE email = $1","duration":6,"rows":1}
2026-03-19T15:58:54.938Z [[33mwarn[39m]: POST /api/auth/login 401 321ms {"ip":"::ffff:127.0.0.1","userId":"-"}
2026-03-19T15:58:54.958Z [[34mdebug[39m]: Executed query {"text":"SELECT id, email, subscription_tier FROM users WHERE id = $1","duration":5,"rows":1}
2026-03-19T15:58:54.964Z [[34mdebug[39m]: Executed query {"text":"SELECT u.*, up.phone, up.location, up.linkedin_url, up.github_url,\n              up.portfolio_url, up.summary, up.skills, up.preferences\n       FROM users u\n       LEFT JOIN user_profiles up ON u.id = up.user_id\n       WHERE u.id = $1","duration":5,"rows":1}
2026-03-19T15:58:54.967Z [[34mdebug[39m]: GET /api/auth/me 200 16ms {"ip":"::ffff:127.0.0.1","userId":"02cacd1a-78a2-4511-9ea8-13442adc2acb"}
2026-03-19T15:58:54.987Z [[33mwarn[39m]: GET /api/auth/me 401 2ms {"ip":"::ffff:127.0.0.1","userId":"-"}
2026-03-19T15:58:55.007Z [[34mdebug[39m]: Executed query {"text":"SELECT 1","duration":5,"rows":1}
FAIL src/__tests__/auth.test.js
  POST /api/auth/register
    ├ù creates a new user and returns JWT 
(596 ms)
    ΓêÜ rejects duplicate email (27 ms)
    ΓêÜ rejects short password (17 ms)
  POST /api/auth/login
    ΓêÜ returns JWT for valid credentials 
(346 ms)
    ΓêÜ rejects wrong password (334 ms)
  GET /api/auth/me
    ΓêÜ returns user for valid token (28 ms)
    ΓêÜ returns 401 without token (19 ms)
  GET /health
    ΓêÜ returns ok (21 ms)

  ΓùÅ POST /api/auth/register ΓÇ║ creates a 
new user and returns JWT

    listen EADDRINUSE: address already in 
use :::5000

    [0m [90m 168 |[39m [36mif[39m (proce
ss[33m.[39menv[33m.[39m[33mNODE_ENV[39m
 [33m!==[39m [32m'production'[39m 
[33m||[39m [33m![39mprocess[33m.[39menv
[33m.[39m[33mVERCEL[39m) {
     [90m 169 |[39m   [36mconst[39m 
[33mPORT[39m [33m=[39m process[33m.[39m
env[33m.[39m[33mPORT[39m [33m||[39m 
[35m5000[39m[33m;[39m
    [31m[1m>[22m[39m[90m 170 |[39m   ap
p[33m.[39mlisten([33mPORT[39m[33m,[39m 
() [33m=>[39m {
     [90m     |[39m       
[31m[1m^[22m[39m
     [90m 171 |[39m     
logger[33m.[39minfo([32m`≡ƒÜÇ Modex 
Server running on port 
${PORT}`[39m)[33m;[39m
     [90m 172 |[39m     
logger[33m.[39minfo([32m`   Environment: 
${process.env.NODE_ENV}`[39m)[33m;[39m
     [90m 173 |[39m     
logger[33m.[39minfo([32m`   Frontend URL: 
${process.env.FRONTEND_URL}`[39m)[33m;[39m
[0m

      at Function.listen (../node_modules/exp
ress/lib/application.js:635:24)
      at Object.listen (src/server.js:170:7)
      at Object.require 
(src/__tests__/auth.test.js:7:17)

2026-03-19T15:58:55.496Z [[34mdebug[39m]: New database connection established
2026-03-19T15:58:55.505Z [[34mdebug[39m]: Executed query {"text":"SELECT id FROM users WHERE email = $1","duration":54,"rows":0}
2026-03-19T15:58:55.841Z [[34mdebug[39m]: Executed query {"text":"INSERT INTO users (email, name, password_hash) VALUES ($1, $2, $3) RETURNING *","duration":10,"rows":1}
2026-03-19T15:58:55.847Z [[34mdebug[39m]: Executed query {"text":"INSERT INTO user_profiles (user_id) VALUES ($1) ON CONFLICT (user_id) DO NOTHING","duration":5,"rows":1}
2026-03-19T15:58:55.851Z [[34mdebug[39m]: POST /api/auth/register 201 401ms {"ip":"::ffff:127.0.0.1","userId":"-"}
2026-03-19T15:58:55.872Z [[34mdebug[39m]: Executed query {"text":"SELECT id, email, subscription_tier FROM users WHERE id = $1","duration":2,"rows":1}
2026-03-19T15:58:55.874Z [[33mwarn[39m]: Parse-resume called without text
2026-03-19T15:58:55.878Z [[33mwarn[39m]: POST /api/ai/parse-resume 400 9ms {"ip":"::ffff:127.0.0.1","userId":"2753b1ed-add3-4c80-bcaa-3b909acd75d3"}
2026-03-19T15:58:55.899Z [[34mdebug[39m]: Executed query {"text":"SELECT id, email, subscription_tier FROM users WHERE id = $1","duration":3,"rows":1}
2026-03-19T15:58:55.901Z [[32minfo[39m]: Parsing resume text {"textLength":42}
2026-03-19T15:58:55.905Z [[34mdebug[39m]: POST /api/ai/parse-resume 200 10ms {"ip":"::ffff:127.0.0.1","userId":"2753b1ed-add3-4c80-bcaa-3b909acd75d3"}
2026-03-19T15:58:55.923Z [[34mdebug[39m]: Executed query {"text":"SELECT id, email, subscription_tier FROM users WHERE id = $1","duration":3,"rows":1}
2026-03-19T15:58:55.926Z [[33mwarn[39m]: POST /api/ai/improve-bullet 400 7ms {"ip":"::ffff:127.0.0.1","userId":"2753b1ed-add3-4c80-bcaa-3b909acd75d3"}
2026-03-19T15:58:55.945Z [[34mdebug[39m]: Executed query {"text":"SELECT id, email, subscription_tier FROM users WHERE id = $1","duration":3,"rows":1}
2026-03-19T15:58:55.947Z [[34mdebug[39m]: POST /api/ai/improve-bullet 200 6ms {"ip":"::ffff:127.0.0.1","userId":"2753b1ed-add3-4c80-bcaa-3b909acd75d3"}
2026-03-19T15:58:55.966Z [[34mdebug[39m]: Executed query {"text":"SELECT id, email, subscription_tier FROM users WHERE id = $1","duration":2,"rows":1}
2026-03-19T15:58:55.969Z [[33mwarn[39m]: POST /api/ai/tailor-resume 400 7ms {"ip":"::ffff:127.0.0.1","userId":"2753b1ed-add3-4c80-bcaa-3b909acd75d3"}
2026-03-19T15:58:55.984Z [[33mwarn[39m]: POST /api/ai/parse-resume 401 1ms {"ip":"::ffff:127.0.0.1","userId":"-"}
FAIL src/__tests__/ai.test.js


  ΓùÅ Test suite failed to run

    listen EADDRINUSE: address already in 
use :::5000

    [0m [90m 168 |[39m [36mif[39m (proce
ss[33m.[39menv[33m.[39m[33mNODE_ENV[39m
 [33m!==[39m [32m'production'[39m 
[33m||[39m [33m![39mprocess[33m.[39menv
[33m.[39m[33mVERCEL[39m) {
     [90m 169 |[39m   [36mconst[39m 
[33mPORT[39m [33m=[39m process[33m.[39m
env[33m.[39m[33mPORT[39m [33m||[39m 
[35m5000[39m[33m;[39m
    [31m[1m>[22m[39m[90m 170 |[39m   ap
p[33m.[39mlisten([33mPORT[39m[33m,[39m 
() [33m=>[39m {
     [90m     |[39m       
[31m[1m^[22m[39m
     [90m 171 |[39m     
logger[33m.[39minfo([32m`≡ƒÜÇ Modex 
Server running on port 
${PORT}`[39m)[33m;[39m
     [90m 172 |[39m     
logger[33m.[39minfo([32m`   Environment: 
${process.env.NODE_ENV}`[39m)[33m;[39m
     [90m 173 |[39m     
logger[33m.[39minfo([32m`   Frontend URL: 
${process.env.FRONTEND_URL}`[39m)[33m;[39m
[0m

      at Function.listen (../node_modules/exp
ress/lib/application.js:635:24)
      at Object.listen (src/server.js:170:7)
      at Object.require 
(src/__tests__/ai.test.js:6:17)

2026-03-19T15:58:56.553Z [[34mdebug[39m]: New database connection established
2026-03-19T15:58:56.565Z [[34mdebug[39m]: Executed query {"text":"SELECT id FROM users WHERE email = $1","duration":61,"rows":0}
2026-03-19T15:58:56.899Z [[34mdebug[39m]: Executed query {"text":"INSERT INTO users (email, name, password_hash) VALUES ($1, $2, $3) RETURNING *","duration":11,"rows":1}
2026-03-19T15:58:56.906Z [[34mdebug[39m]: Executed query {"text":"INSERT INTO user_profiles (user_id) VALUES ($1) ON CONFLICT (user_id) DO NOTHING","duration":5,"rows":1}
2026-03-19T15:58:56.911Z [[34mdebug[39m]: POST /api/auth/register 201 408ms {"ip":"::ffff:127.0.0.1","userId":"-"}
2026-03-19T15:58:56.929Z [[34mdebug[39m]: Executed query {"text":"SELECT id, email, subscription_tier FROM users WHERE id = $1","duration":3,"rows":1}
2026-03-19T15:58:56.936Z [[34mdebug[39m]: Executed query {"text":"SELECT u.id, u.email, u.name, u.avatar_url, u.subscription_tier,\n              u.created_at, up.*\n       FROM users u\n       LEFT JOIN user_profiles up ON up.user_id = u.id\n       WHERE u.id = $1","duration":6,"rows":1}
2026-03-19T15:58:56.938Z [[34mdebug[39m]: GET /api/users/profile 200 13ms {"ip":"::ffff:127.0.0.1","userId":"522eeb21-0b6e-4669-96e8-5d0bd16bbcb2"}
2026-03-19T15:58:56.953Z [[33mwarn[39m]: GET /api/users/profile 401 2ms {"ip":"::ffff:127.0.0.1","userId":"-"}
2026-03-19T15:58:56.970Z [[34mdebug[39m]: Executed query {"text":"SELECT id, email, subscription_tier FROM users WHERE id = $1","duration":2,"rows":1}
2026-03-19T15:58:56.975Z [[34mdebug[39m]: Executed query {"text":"UPDATE user_profiles SET\n        phone = COALESCE($1, phone),\n        location = COALESCE($2, location),\n        linkedin_url = COALESCE($3, linkedin_url),\n        github_url = COALESCE($4, github_url),\n        portfolio_url = COALESCE($5, portfolio_url),\n        summary = COALESCE($6, summary),\n        skills = COALESCE($7::jsonb, skills),\n        preferences = COALESCE($8::jsonb, preferences),\n        updated_at = now()\n       WHERE user_id = $9","duration":3,"rows":1}
2026-03-19T15:58:56.977Z [[34mdebug[39m]: PUT /api/users/profile 200 10ms {"ip":"::ffff:127.0.0.1","userId":"522eeb21-0b6e-4669-96e8-5d0bd16bbcb2"}
2026-03-19T15:58:56.995Z [[34mdebug[39m]: Executed query {"text":"SELECT id, email, subscription_tier FROM users WHERE id = $1","duration":3,"rows":1}
2026-03-19T15:58:56.998Z [[34mdebug[39m]: Executed query {"text":"SELECT u.id, u.email, u.name, u.avatar_url, u.subscription_tier,\n              u.created_at, up.*\n       FROM users u\n       LEFT JOIN user_profiles up ON up.user_id = u.id\n       WHERE u.id = $1","duration":2,"rows":1}
2026-03-19T15:58:57.001Z [[34mdebug[39m]: GET /api/users/profile 200 10ms {"ip":"::ffff:127.0.0.1","userId":"522eeb21-0b6e-4669-96e8-5d0bd16bbcb2"}
2026-03-19T15:58:57.024Z [[34mdebug[39m]: Executed query {"text":"SELECT id, email, subscription_tier FROM users WHERE id = $1","duration":3,"rows":1}
2026-03-19T15:58:57.036Z [[34mdebug[39m]: Executed query {"text":"SELECT COUNT(*) as count FROM resumes WHERE user_id = $1","duration":10,"rows":1}
2026-03-19T15:58:57.079Z [[34mdebug[39m]: New database connection established
2026-03-19T15:58:57.082Z [[34mdebug[39m]: New database connection established
2026-03-19T15:58:57.087Z [[34mdebug[39m]: Executed query {"text":"SELECT COUNT(*) as count FROM saved_jobs WHERE user_id = $1","duration":61,"rows":1}
2026-03-19T15:58:57.091Z [[34mdebug[39m]: Executed query {"text":"SELECT * FROM course_recommendations WHERE user_id = $1 ORDER BY generated_at DESC LIMIT 1","duration":64,"rows":0}
2026-03-19T15:58:57.095Z [[34mdebug[39m]: GET /api/users/dashboard 200 75ms {"ip":"::ffff:127.0.0.1","userId":"522eeb21-0b6e-4669-96e8-5d0bd16bbcb2"}
2026-03-19T15:58:57.114Z [[34mdebug[39m]: Executed query {"text":"SELECT 1","duration":4,"rows":1}
FAIL src/__tests__/users.test.js


  ΓùÅ Test suite failed to run

    listen EADDRINUSE: address already in 
use :::5000

    [0m [90m 168 |[39m [36mif[39m (proce
ss[33m.[39menv[33m.[39m[33mNODE_ENV[39m
 [33m!==[39m [32m'production'[39m 
[33m||[39m [33m![39mprocess[33m.[39menv
[33m.[39m[33mVERCEL[39m) {
     [90m 169 |[39m   [36mconst[39m 
[33mPORT[39m [33m=[39m process[33m.[39m
env[33m.[39m[33mPORT[39m [33m||[39m 
[35m5000[39m[33m;[39m
    [31m[1m>[22m[39m[90m 170 |[39m   ap
p[33m.[39mlisten([33mPORT[39m[33m,[39m 
() [33m=>[39m {
     [90m     |[39m       
[31m[1m^[22m[39m
     [90m 171 |[39m     
logger[33m.[39minfo([32m`≡ƒÜÇ Modex 
Server running on port 
${PORT}`[39m)[33m;[39m
     [90m 172 |[39m     
logger[33m.[39minfo([32m`   Environment: 
${process.env.NODE_ENV}`[39m)[33m;[39m
     [90m 173 |[39m     
logger[33m.[39minfo([32m`   Frontend URL: 
${process.env.FRONTEND_URL}`[39m)[33m;[39m
[0m

      at Function.listen (../node_modules/exp
ress/lib/application.js:635:24)
      at Object.listen (src/server.js:170:7)
      at Object.require 
(src/__tests__/users.test.js:2:17)

2026-03-19T15:58:57.669Z [[34mdebug[39m]: New database connection established
2026-03-19T15:58:57.679Z [[34mdebug[39m]: Executed query {"text":"SELECT id FROM users WHERE email = $1","duration":53,"rows":0}
2026-03-19T15:58:58.026Z [[34mdebug[39m]: Executed query {"text":"INSERT INTO users (email, name, password_hash) VALUES ($1, $2, $3) RETURNING *","duration":9,"rows":1}
2026-03-19T15:58:58.033Z [[34mdebug[39m]: Executed query {"text":"INSERT INTO user_profiles (user_id) VALUES ($1) ON CONFLICT (user_id) DO NOTHING","duration":5,"rows":1}
2026-03-19T15:58:58.036Z [[34mdebug[39m]: POST /api/auth/register 201 412ms {"ip":"::ffff:127.0.0.1","userId":"-"}
2026-03-19T15:58:58.053Z [[34mdebug[39m]: Executed query {"text":"SELECT id, email, subscription_tier FROM users WHERE id = $1","duration":3,"rows":1}
2026-03-19T15:58:58.060Z [[34mdebug[39m]: Creating resume {"title":"Test Resume","hasContent":true}
2026-03-19T15:58:58.062Z [[34mdebug[39m]: Final resume content {"content":{"personalInfo":{"name":"","email":"","phone":"","location":"","summary":"","linkedinUrl":"","githubUrl":""},"workExperience":[],"education":[],"skills":[],"projects":[],"certifications":[]}}
2026-03-19T15:58:58.222Z [[34mdebug[39m]: New database connection established
2026-03-19T15:58:58.238Z [[34mdebug[39m]: Executed query {"text":"INSERT INTO audit_logs (user_id, action, resource_type, resource_id, metadata, ip_address)\n           VALUES ($1, $2, $3, $4, $5, $6)","duration":170,"rows":1}
2026-03-19T15:58:58.241Z [[34mdebug[39m]: POST /api/resumes 201 192ms {"ip":"::ffff:127.0.0.1","userId":"2f95669a-a069-4ebe-9bc0-65f4c9420fa0"}
2026-03-19T15:58:58.258Z [[34mdebug[39m]: Executed query {"text":"SELECT id, email, subscription_tier FROM users WHERE id = $1","duration":3,"rows":1}
2026-03-19T15:58:58.265Z [[34mdebug[39m]: Executed query {"text":"SELECT r.id, r.title, r.template_id, r.status, r.ats_score,\n              r.thumbnail_url, r.version, r.created_at, r.updated_at,\n              r.customization->>'primaryColor' as primary_color\n       FROM resumes r\n       WHERE r.user_id = $1\n       ORDER BY r.updated_at DESC","duration":6,"rows":1}
2026-03-19T15:58:58.268Z [[34mdebug[39m]: GET /api/resumes 200 14ms {"ip":"::ffff:127.0.0.1","userId":"2f95669a-a069-4ebe-9bc0-65f4c9420fa0"}
2026-03-19T15:58:58.285Z [[34mdebug[39m]: Executed query {"text":"SELECT id, email, subscription_tier FROM users WHERE id = $1","duration":3,"rows":1}
2026-03-19T15:58:58.295Z [[34mdebug[39m]: Executed query {"text":"SELECT r.*,\n        COALESCE(\n          json_agg(DISTINCT jsonb_build_object(\n            'id', we.id, 'company', we.company, 'position', we.position,\n            'location', we.location, 'startDate', we.start_date,\n            'endDate', we.end_date, 'isCurrent', we.is_current,\n            'description', we.description, 'bullets', we.bullets,\n            'displayOrder', we.display_order\n          )) FILTER (WHERE we.id IS NOT NULL),\n          '[]'\n        ) as work_experience_data,\n        COALESCE(\n          json_agg(DISTINCT jsonb_build_object(\n            'id', ed.id, 'institution', ed.institution, 'degree', ed.degree,\n            'fieldOfStudy', ed.field_of_study, 'startDate', ed.start_date,\n            'endDate', ed.end_date, 'gpa', ed.gpa, 'description', ed.description,\n            'displayOrder', ed.display_order\n          )) FILTER (WHERE ed.id IS NOT NULL),\n          '[]'\n        ) as education_data,\n        COALESCE(\n          json_agg(DISTINCT jsonb_build_object(\n            'id', p.id, 'name', p.name, 'description', p.description,\n            'technologies', p.technologies, 'url', p.url,\n            'githubUrl', p.github_url, 'displayOrder', p.display_order\n          )) FILTER (WHERE p.id IS NOT NULL),\n          '[]'\n        ) as projects_data,\n        COALESCE(\n          json_agg(DISTINCT jsonb_build_object(\n            'id', c.id, 'name', c.name, 'issuer', c.issuer,\n            'issueDate', c.issue_date, 'credentialUrl', c.credential_url,\n            'displayOrder', c.display_order\n          )) FILTER (WHERE c.id IS NOT NULL),\n          '[]'\n        ) as certifications_data\n       FROM resumes r\n       LEFT JOIN work_experiences we ON we.resume_id = r.id\n       LEFT JOIN educations ed ON ed.resume_id = r.id\n       LEFT JOIN projects p ON p.resume_id = r.id\n       LEFT JOIN certifications c ON c.resume_id = r.id\n       WHERE r.id = $1 AND r.user_id = $2\n       GROUP BY r.id","duration":9,"rows":1}
2026-03-19T15:58:58.297Z [[34mdebug[39m]: Fetching resume details {"id":"5f8818ac-d314-4b70-b7e8-99e554bddae5","contentType":"object","hasPersonalInfo":true}
2026-03-19T15:58:58.299Z [[34mdebug[39m]: GET /api/resumes/5f8818ac-d314-4b70-b7e8-99e554bddae5 200 18ms {"ip":"::ffff:127.0.0.1","userId":"2f95669a-a069-4ebe-9bc0-65f4c9420fa0"}
2026-03-19T15:58:58.316Z [[34mdebug[39m]: Executed query {"text":"SELECT id, email, subscription_tier FROM users WHERE id = $1","duration":3,"rows":1}
2026-03-19T15:58:58.329Z [[34mdebug[39m]: PUT /api/resumes/5f8818ac-d314-4b70-b7e8-99e554bddae5 200 17ms {"ip":"::ffff:127.0.0.1","userId":"2f95669a-a069-4ebe-9bc0-65f4c9420fa0"}
2026-03-19T15:58:58.346Z [[34mdebug[39m]: Executed query {"text":"SELECT id, email, subscription_tier FROM users WHERE id = $1","duration":3,"rows":1}
2026-03-19T15:58:58.349Z [[34mdebug[39m]: Executed query {"text":"SELECT * FROM resumes WHERE id = $1 AND user_id = $2","duration":2,"rows":1}
2026-03-19T15:58:58.355Z [[34mdebug[39m]: Executed query {"text":"INSERT INTO resumes (user_id, title, template_id, content, customization, status)\n       VALUES ($1, $2, $3, $4, $5, 'draft') RETURNING *","duration":5,"rows":1}
2026-03-19T15:58:58.359Z [[34mdebug[39m]: POST /api/resumes/5f8818ac-d314-4b70-b7e8-99e554bddae5/duplicate 201 17ms {"ip":"::ffff:127.0.0.1","userId":"2f95669a-a069-4ebe-9bc0-65f4c9420fa0"}
2026-03-19T15:58:58.376Z [[34mdebug[39m]: Executed query {"text":"SELECT id, email, subscription_tier FROM users WHERE id = $1","duration":2,"rows":1}
2026-03-19T15:58:58.391Z [[34mdebug[39m]: Executed query {"text":"DELETE FROM resumes WHERE id = $1 AND user_id = $2 RETURNING id","duration":13,"rows":1}
2026-03-19T15:58:58.397Z [[34mdebug[39m]: Executed query {"text":"INSERT INTO audit_logs (user_id, action, resource_type, resource_id, metadata, ip_address)\n           VALUES ($1, $2, $3, $4, $5, $6)","duration":4,"rows":1}
2026-03-19T15:58:58.400Z [[34mdebug[39m]: DELETE /api/resumes/5f8818ac-d314-4b70-b7e8-99e554bddae5 200 27ms {"ip":"::ffff:127.0.0.1","userId":"2f95669a-a069-4ebe-9bc0-65f4c9420fa0"}
2026-03-19T15:58:58.419Z [[33mwarn[39m]: GET /api/resumes 401 1ms {"ip":"::ffff:127.0.0.1","userId":"-"}
FAIL src/__tests__/resumes.test.js


  ΓùÅ Test suite failed to run

    listen EADDRINUSE: address already in 
use :::5000

    [0m [90m 168 |[39m [36mif[39m (proce
ss[33m.[39menv[33m.[39m[33mNODE_ENV[39m
 [33m!==[39m [32m'production'[39m 
[33m||[39m [33m![39mprocess[33m.[39menv
[33m.[39m[33mVERCEL[39m) {
     [90m 169 |[39m   [36mconst[39m 
[33mPORT[39m [33m=[39m process[33m.[39m
env[33m.[39m[33mPORT[39m [33m||[39m 
[35m5000[39m[33m;[39m
    [31m[1m>[22m[39m[90m 170 |[39m   ap
p[33m.[39mlisten([33mPORT[39m[33m,[39m 
() [33m=>[39m {
     [90m     |[39m       
[31m[1m^[22m[39m
     [90m 171 |[39m     
logger[33m.[39minfo([32m`≡ƒÜÇ Modex 
Server running on port 
${PORT}`[39m)[33m;[39m
     [90m 172 |[39m     
logger[33m.[39minfo([32m`   Environment: 
${process.env.NODE_ENV}`[39m)[33m;[39m
     [90m 173 |[39m     
logger[33m.[39minfo([32m`   Frontend URL: 
${process.env.FRONTEND_URL}`[39m)[33m;[39m
[0m

      at Function.listen (../node_modules/exp
ress/lib/application.js:635:24)
      at Object.listen (src/server.js:170:7)
      at Object.require 
(src/__tests__/resumes.test.js:2:17)

2026-03-19T15:58:58.809Z [[34mdebug[39m]: New database connection established
2026-03-19T15:58:58.817Z [[34mdebug[39m]: Executed query {"text":"SELECT id FROM users WHERE email = $1","duration":49,"rows":0}
2026-03-19T15:58:59.099Z [[34mdebug[39m]: Executed query {"text":"INSERT INTO users (email, name, password_hash) VALUES ($1, $2, $3) RETURNING *","duration":8,"rows":1}
2026-03-19T15:58:59.105Z [[34mdebug[39m]: Executed query {"text":"INSERT INTO user_profiles (user_id) VALUES ($1) ON CONFLICT (user_id) DO NOTHING","duration":5,"rows":1}
2026-03-19T15:58:59.109Z [[34mdebug[39m]: POST /api/auth/register 201 342ms {"ip":"::ffff:127.0.0.1","userId":"-"}
2026-03-19T15:58:59.123Z [[34mdebug[39m]: Executed query {"text":"SELECT id, email, subscription_tier FROM users WHERE id = $1","duration":3,"rows":1}
2026-03-19T15:58:59.129Z [[34mdebug[39m]: Executed query {"text":"INSERT INTO saved_jobs (user_id, job_data, match_score) VALUES ($1, $2, $3) RETURNING *","duration":5,"rows":1}
2026-03-19T15:58:59.131Z [[34mdebug[39m]: POST /api/jobs/save 201 12ms {"ip":"::ffff:127.0.0.1","userId":"194c5c8d-212c-4399-8eaf-7e55ef51c3a0"}
2026-03-19T15:58:59.145Z [[34mdebug[39m]: Executed query {"text":"SELECT id, email, subscription_tier FROM users WHERE id = $1","duration":2,"rows":1}
2026-03-19T15:58:59.149Z [[34mdebug[39m]: Executed query {"text":"SELECT * FROM saved_jobs WHERE user_id = $1 ORDER BY created_at DESC","duration":3,"rows":1}
2026-03-19T15:58:59.151Z [[34mdebug[39m]: GET /api/jobs/saved 200 9ms {"ip":"::ffff:127.0.0.1","userId":"194c5c8d-212c-4399-8eaf-7e55ef51c3a0"}
2026-03-19T15:58:59.167Z [[34mdebug[39m]: Executed query {"text":"SELECT id, email, subscription_tier FROM users WHERE id = $1","duration":4,"rows":1}
2026-03-19T15:58:59.171Z [[34mdebug[39m]: Executed query {"text":"UPDATE saved_jobs SET status = $1 WHERE id = $2 AND user_id = $3","duration":3,"rows":1}
2026-03-19T15:58:59.173Z [[34mdebug[39m]: PATCH /api/jobs/e2fefab9-ffb6-4145-aa9f-52dd8f193e27/status 200 11ms {"ip":"::ffff:127.0.0.1","userId":"194c5c8d-212c-4399-8eaf-7e55ef51c3a0"}
2026-03-19T15:58:59.187Z [[34mdebug[39m]: Executed query {"text":"SELECT id, email, subscription_tier FROM users WHERE id = $1","duration":3,"rows":1}
2026-03-19T15:58:59.189Z [[33mwarn[39m]: PATCH /api/jobs/e2fefab9-ffb6-4145-aa9f-52dd8f193e27/status 400 6ms {"ip":"::ffff:127.0.0.1","userId":"194c5c8d-212c-4399-8eaf-7e55ef51c3a0"}
2026-03-19T15:58:59.203Z [[34mdebug[39m]: Executed query {"text":"SELECT id, email, subscription_tier FROM users WHERE id = $1","duration":3,"rows":1}
2026-03-19T15:58:59.206Z [[34mdebug[39m]: Executed query {"text":"DELETE FROM saved_jobs WHERE id = $1 AND user_id = $2","duration":2,"rows":1}
2026-03-19T15:58:59.208Z [[34mdebug[39m]: DELETE /api/jobs/e2fefab9-ffb6-4145-aa9f-52dd8f193e27 200 9ms {"ip":"::ffff:127.0.0.1","userId":"194c5c8d-212c-4399-8eaf-7e55ef51c3a0"}
2026-03-19T15:58:59.219Z [[33mwarn[39m]: GET /api/jobs/saved 401 1ms {"ip":"::ffff:127.0.0.1","userId":"-"}
FAIL src/__tests__/jobs.test.js


  ΓùÅ Test suite failed to run

    listen EADDRINUSE: address already in 
use :::5000

    [0m [90m 168 |[39m [36mif[39m (proce
ss[33m.[39menv[33m.[39m[33mNODE_ENV[39m
 [33m!==[39m [32m'production'[39m 
[33m||[39m [33m![39mprocess[33m.[39menv
[33m.[39m[33mVERCEL[39m) {
     [90m 169 |[39m   [36mconst[39m 
[33mPORT[39m [33m=[39m process[33m.[39m
env[33m.[39m[33mPORT[39m [33m||[39m 
[35m5000[39m[33m;[39m
    [31m[1m>[22m[39m[90m 170 |[39m   ap
p[33m.[39mlisten([33mPORT[39m[33m,[39m 
() [33m=>[39m {
     [90m     |[39m       
[31m[1m^[22m[39m
     [90m 171 |[39m     
logger[33m.[39minfo([32m`≡ƒÜÇ Modex 
Server running on port 
${PORT}`[39m)[33m;[39m
     [90m 172 |[39m     
logger[33m.[39minfo([32m`   Environment: 
${process.env.NODE_ENV}`[39m)[33m;[39m
     [90m 173 |[39m     
logger[33m.[39minfo([32m`   Frontend URL: 
${process.env.FRONTEND_URL}`[39m)[33m;[39m
[0m

      at Function.listen (../node_modules/exp
ress/lib/application.js:635:24)
      at Object.listen (src/server.js:170:7)
      at Object.require 
(src/__tests__/jobs.test.js:2:17)

2026-03-19T15:58:59.586Z [[34mdebug[39m]: New database connection established
2026-03-19T15:58:59.595Z [[34mdebug[39m]: Executed query {"text":"SELECT id FROM users WHERE email = $1","duration":53,"rows":0}
2026-03-19T15:58:59.878Z [[34mdebug[39m]: Executed query {"text":"INSERT INTO users (email, name, password_hash) VALUES ($1, $2, $3) RETURNING *","duration":16,"rows":1}
2026-03-19T15:58:59.884Z [[34mdebug[39m]: Executed query {"text":"INSERT INTO user_profiles (user_id) VALUES ($1) ON CONFLICT (user_id) DO NOTHING","duration":5,"rows":1}
2026-03-19T15:58:59.887Z [[34mdebug[39m]: POST /api/auth/register 201 346ms {"ip":"::ffff:127.0.0.1","userId":"-"}
2026-03-19T15:58:59.903Z [[34mdebug[39m]: Executed query {"text":"SELECT id, email, subscription_tier FROM users WHERE id = $1","duration":4,"rows":1}
2026-03-19T15:58:59.906Z [[34mdebug[39m]: Creating resume {"title":"Resume to share","hasContent":true}
2026-03-19T15:58:59.907Z [[34mdebug[39m]: Final resume content {"content":{"personalInfo":{"name":"","email":"","phone":"","location":"","summary":"","linkedinUrl":"","githubUrl":""},"workExperience":[],"education":[],"skills":[],"projects":[],"certifications":[]}}
2026-03-19T15:58:59.950Z [[34mdebug[39m]: New database connection established
2026-03-19T15:58:59.964Z [[34mdebug[39m]: Executed query {"text":"INSERT INTO audit_logs (user_id, action, resource_type, resource_id, metadata, ip_address)\n           VALUES ($1, $2, $3, $4, $5, $6)","duration":52,"rows":1}
2026-03-19T15:58:59.966Z [[34mdebug[39m]: POST /api/resumes 201 68ms {"ip":"::ffff:127.0.0.1","userId":"9a6f67f6-4927-40de-8a3f-509f8ee10658"}
2026-03-19T15:58:59.980Z [[34mdebug[39m]: Executed query {"text":"SELECT id, email, subscription_tier FROM users WHERE id = $1","duration":3,"rows":1}
2026-03-19T15:58:59.986Z [[34mdebug[39m]: Executed query {"text":"SELECT id, title, status FROM resumes WHERE id = $1 AND user_id = $2","duration":5,"rows":1}
2026-03-19T15:58:59.993Z [[34mdebug[39m]: Executed query {"text":"INSERT INTO resume_shares (resume_id, user_id, share_token, expires_at)\n     VALUES ($1, $2, $3, $4)\n     ON CONFLICT (resume_id) DO UPDATE SET\n       share_token = EXCLUDED.share_token,\n       expires_at  = EXCLUDED.expires_at,\n       is_active   = true,\n       updated_at  = now()","duration":6,"rows":1}
2026-03-19T15:58:59.995Z [[34mdebug[39m]: POST /api/share/641557dd-5fc8-4ef9-8bca-830a675f2ef6/generate 200 19ms {"ip":"::ffff:127.0.0.1","userId":"9a6f67f6-4927-40de-8a3f-509f8ee10658"}
2026-03-19T15:59:00.013Z [[34mdebug[39m]: Executed query {"text":"SELECT r.content, r.customization, r.template_id, r.title,\n            u.name as author_name\n     FROM resume_shares rs\n     JOIN resumes r ON r.id = rs.resume_id\n     JOIN users   u ON u.id = rs.user_id\n     WHERE rs.share_token = $1\n       AND rs.is_active = true\n       AND (rs.expires_at IS NULL OR rs.expires_at > now())","duration":7,"rows":1}
2026-03-19T15:59:00.016Z [[34mdebug[39m]: GET /api/share/b0d1c42fead8b07002e878b440c274a623d9aab76aa84375ea834553b9630ae5 200 10ms {"ip":"::ffff:127.0.0.1","userId":"-"}
2026-03-19T15:59:00.019Z [[34mdebug[39m]: Executed query {"text":"UPDATE resume_shares SET view_count = view_count + 1 WHERE share_token = $1","duration":5,"rows":1}
2026-03-19T15:59:00.032Z [[34mdebug[39m]: Executed query {"text":"SELECT id, email, subscription_tier FROM users WHERE id = $1","duration":3,"rows":1}
2026-03-19T15:59:00.036Z [[34mdebug[39m]: Executed query {"text":"UPDATE resume_shares SET is_active = false WHERE resume_id = $1 AND user_id = $2","duration":3,"rows":1}
2026-03-19T15:59:00.038Z [[34mdebug[39m]: DELETE /api/share/641557dd-5fc8-4ef9-8bca-830a675f2ef6 200 9ms {"ip":"::ffff:127.0.0.1","userId":"9a6f67f6-4927-40de-8a3f-509f8ee10658"}
2026-03-19T15:59:00.049Z [[34mdebug[39m]: Executed query {"text":"SELECT r.content, r.customization, r.template_id, r.title,\n            u.name as author_name\n     FROM resume_shares rs\n     JOIN resumes r ON r.id = rs.resume_id\n     JOIN users   u ON u.id = rs.user_id\n     WHERE rs.share_token = $1\n       AND rs.is_active = true\n       AND (rs.expires_at IS NULL OR rs.expires_at > now())","duration":3,"rows":0}
2026-03-19T15:59:00.051Z [[33mwarn[39m]: GET /api/share/b0d1c42fead8b07002e878b440c274a623d9aab76aa84375ea834553b9630ae5 404 5ms {"ip":"::ffff:127.0.0.1","userId":"-"}
FAIL src/__tests__/share.test.js


  ΓùÅ Test suite failed to run

    listen EADDRINUSE: address already in 
use :::5000

    [0m [90m 168 |[39m [36mif[39m (proce
ss[33m.[39menv[33m.[39m[33mNODE_ENV[39m
 [33m!==[39m [32m'production'[39m 
[33m||[39m [33m![39mprocess[33m.[39menv
[33m.[39m[33mVERCEL[39m) {
     [90m 169 |[39m   [36mconst[39m 
[33mPORT[39m [33m=[39m process[33m.[39m
env[33m.[39m[33mPORT[39m [33m||[39m 
[35m5000[39m[33m;[39m
    [31m[1m>[22m[39m[90m 170 |[39m   ap
p[33m.[39mlisten([33mPORT[39m[33m,[39m 
() [33m=>[39m {
     [90m     |[39m       
[31m[1m^[22m[39m
     [90m 171 |[39m     
logger[33m.[39minfo([32m`≡ƒÜÇ Modex 
Server running on port 
${PORT}`[39m)[33m;[39m
     [90m 172 |[39m     
logger[33m.[39minfo([32m`   Environment: 
${process.env.NODE_ENV}`[39m)[33m;[39m
     [90m 173 |[39m     
logger[33m.[39minfo([32m`   Frontend URL: 
${process.env.FRONTEND_URL}`[39m)[33m;[39m
[0m

      at Function.listen (../node_modules/exp
ress/lib/application.js:635:24)
      at Object.listen (src/server.js:170:7)
      at Object.require 
(src/__tests__/share.test.js:2:17)

Test Suites: 6 failed, 6 total
Tests:       1 failed, 35 passed, 36 total
Snapshots:   0 total
Time:        8.238 s
Ran all test suites.
npm error Lifecycle script `test` failed 
with error:
npm error code 1
npm error path D:\Projects\antigravity\resume
ai-v1.0-final\resumeai\backend
npm error workspace modex-backend@1.0.0
npm error location D:\Projects\antigravity\re
sumeai-v1.0-final\resumeai\backend
npm error command failed
npm error command 
C:\WINDOWS\system32\cmd.exe /d /s /c jest 
--detectOpenHandles
